// Jest Snapshot v1, https://goo.gl/fbAQLP

exports[`Testing snapshot for Amplitude's logPurchase destination action: all fields 1`] = `
Object {
  "api_key": "vH@EVP&$",
  "events": Array [
    Object {
      "adid": "vH@EVP&$",
      "android_id": "vH@EVP&$",
      "app_version": "vH@EVP&$",
      "carrier": "vH@EVP&$",
      "city": "vH@EVP&$",
      "country": "vH@EVP&$",
      "device_brand": "vH@EVP&$",
      "device_id": "vH@EVP&$",
      "device_manufacturer": "vH@EVP&$",
      "device_model": "vH@EVP&$",
      "dma": "vH@EVP&$",
      "event_id": -4715458179629056,
      "event_properties": Object {
        "testType": "vH@EVP&$",
      },
      "event_type": "vH@EVP&$",
      "groups": Object {
        "testType": "vH@EVP&$",
      },
      "idfa": "vH@EVP&$",
      "idfv": "vH@EVP&$",
      "insert_id": "vH@EVP&$",
      "ip": "vH@EVP&$",
      "language": "vH@EVP&$",
      "library": "segment",
      "location_lat": -47154581796290.56,
      "location_lng": -47154581796290.56,
      "os_name": "vH@EVP&$",
      "os_version": "vH@EVP&$",
      "platform": "vH@EVP&$",
      "products": Array [
        Object {
          "price": -47154581796290.56,
          "productId": "vH@EVP&$",
          "quantity": -4715458179629056,
          "revenue": -47154581796290.56,
          "revenueType": "vH@EVP&$",
        },
      ],
      "region": "vH@EVP&$",
      "session_id": 1612137600000,
      "time": 1612137600000,
      "trackRevenuePerProduct": true,
      "use_batch_endpoint": true,
      "user_id": "vH@EVP&$",
      "user_properties": Object {
        "$set": Object {
          "referrer": "vH@EVP&$",
          "utm_campaign": "vH@EVP&$",
          "utm_content": "vH@EVP&$",
          "utm_medium": "vH@EVP&$",
          "utm_source": "vH@EVP&$",
          "utm_term": "vH@EVP&$",
        },
        "$setOnce": Object {
          "initial_referrer": "vH@EVP&$",
          "initial_utm_campaign": "vH@EVP&$",
          "initial_utm_content": "vH@EVP&$",
          "initial_utm_medium": "vH@EVP&$",
          "initial_utm_source": "vH@EVP&$",
          "initial_utm_term": "vH@EVP&$",
        },
        "testType": "vH@EVP&$",
      },
    },
    Object {
      "adid": "vH@EVP&$",
      "android_id": "vH@EVP&$",
      "app_version": "vH@EVP&$",
      "carrier": "vH@EVP&$",
      "city": "vH@EVP&$",
      "country": "vH@EVP&$",
      "device_brand": "vH@EVP&$",
      "device_id": "vH@EVP&$",
      "device_manufacturer": "vH@EVP&$",
      "device_model": "vH@EVP&$",
      "dma": "vH@EVP&$",
      "event_id": -4715458179629056,
      "event_properties": Object {
        "price": -47154581796290.56,
        "productId": "vH@EVP&$",
        "quantity": -4715458179629056,
        "revenue": -47154581796290.56,
        "revenueType": "vH@EVP&$",
      },
      "event_type": "Product Purchased",
      "groups": Object {
        "testType": "vH@EVP&$",
      },
      "idfa": "vH@EVP&$",
      "idfv": "vH@EVP&$",
      "insert_id": "vH@EVP&$-2",
      "ip": "vH@EVP&$",
      "language": "vH@EVP&$",
      "library": "segment",
      "location_lat": -47154581796290.56,
      "location_lng": -47154581796290.56,
      "os_name": "vH@EVP&$",
      "os_version": "vH@EVP&$",
      "platform": "vH@EVP&$",
      "price": -47154581796290.56,
      "productId": "vH@EVP&$",
      "products": Array [
        Object {
          "price": -47154581796290.56,
          "productId": "vH@EVP&$",
          "quantity": -4715458179629056,
          "revenue": -47154581796290.56,
          "revenueType": "vH@EVP&$",
        },
      ],
      "quantity": -4715458179629056,
      "region": "vH@EVP&$",
      "revenue": -47154581796290.56,
      "revenueType": "vH@EVP&$",
      "session_id": 1612137600000,
      "time": 1612137600000,
      "trackRevenuePerProduct": true,
      "use_batch_endpoint": true,
      "user_id": "vH@EVP&$",
      "user_properties": Object {
        "$set": Object {
          "referrer": "vH@EVP&$",
          "utm_campaign": "vH@EVP&$",
          "utm_content": "vH@EVP&$",
          "utm_medium": "vH@EVP&$",
          "utm_source": "vH@EVP&$",
          "utm_term": "vH@EVP&$",
        },
        "$setOnce": Object {
          "initial_referrer": "vH@EVP&$",
          "initial_utm_campaign": "vH@EVP&$",
          "initial_utm_content": "vH@EVP&$",
          "initial_utm_medium": "vH@EVP&$",
          "initial_utm_source": "vH@EVP&$",
          "initial_utm_term": "vH@EVP&$",
        },
        "testType": "vH@EVP&$",
      },
    },
  ],
}
`;

exports[`Testing snapshot for Amplitude's logPurchase destination action: required fields 1`] = `
Object {
  "api_key": "vH@EVP&$",
  "events": Array [
    Object {
      "adid": "vH@EVP&$",
      "android_id": "vH@EVP&$",
      "device_id": "vH@EVP&$",
      "event_id": -4715458179629056,
      "event_type": "vH@EVP&$",
      "idfa": "vH@EVP&$",
      "idfv": "vH@EVP&$",
      "insert_id": "vH@EVP&$",
      "library": "segment",
      "session_id": 1612137600000,
      "user_id": "vH@EVP&$",
    },
  ],
}
`;
