// Jest Snapshot v1, https://goo.gl/fbAQLP

exports[`Testing snapshot for Amplitude's orderCompleted destination action: all fields 1`] = `
Object {
  "api_key": "zdeP^Jf",
  "events": Array [
    Object {
      "adid": "zdeP^Jf",
      "android_id": "zdeP^Jf",
      "app_version": "zdeP^Jf",
      "carrier": "zdeP^Jf",
      "city": "zdeP^Jf",
      "country": "zdeP^Jf",
      "device_brand": "zdeP^Jf",
      "device_id": "zdeP^Jf",
      "device_manufacturer": "zdeP^Jf",
      "device_model": "zdeP^Jf",
      "dma": "zdeP^Jf",
      "event_id": -5828373104295936,
      "event_properties": Object {
        "testType": "zdeP^Jf",
      },
      "event_type": "zdeP^Jf",
      "groups": Object {
        "testType": "zdeP^Jf",
      },
      "idfa": "zdeP^Jf",
      "idfv": "zdeP^Jf",
      "insert_id": "zdeP^Jf",
      "ip": "zdeP^Jf",
      "language": "zdeP^Jf",
      "library": "segment",
      "location_lat": -58283731042959.36,
      "location_lng": -58283731042959.36,
      "os_name": "zdeP^Jf",
      "os_version": "zdeP^Jf",
      "platform": "zdeP^Jf",
      "region": "zdeP^Jf",
      "session_id": 1612137600000,
      "time": 1612137600000,
      "use_batch_endpoint": true,
      "user_id": "zdeP^Jf",
      "user_properties": Object {
        "$set": Object {
          "referrer": "zdeP^Jf",
          "utm_campaign": "zdeP^Jf",
          "utm_content": "zdeP^Jf",
          "utm_medium": "zdeP^Jf",
          "utm_source": "zdeP^Jf",
          "utm_term": "zdeP^Jf",
        },
        "$setOnce": Object {
          "initial_referrer": "zdeP^Jf",
          "initial_utm_campaign": "zdeP^Jf",
          "initial_utm_content": "zdeP^Jf",
          "initial_utm_medium": "zdeP^Jf",
          "initial_utm_source": "zdeP^Jf",
          "initial_utm_term": "zdeP^Jf",
        },
        "testType": "zdeP^Jf",
      },
    },
    Object {
      "adid": "zdeP^Jf",
      "android_id": "zdeP^Jf",
      "app_version": "zdeP^Jf",
      "carrier": "zdeP^Jf",
      "city": "zdeP^Jf",
      "country": "zdeP^Jf",
      "device_brand": "zdeP^Jf",
      "device_id": "zdeP^Jf",
      "device_manufacturer": "zdeP^Jf",
      "device_model": "zdeP^Jf",
      "dma": "zdeP^Jf",
      "event_id": -5828373104295936,
      "event_properties": Object {
        "price": -58283731042959.36,
        "productId": "zdeP^Jf",
        "quantity": -5828373104295936,
        "revenue": -58283731042959.36,
        "revenueType": "zdeP^Jf",
      },
      "event_type": "Product Purchased",
      "groups": Object {
        "testType": "zdeP^Jf",
      },
      "idfa": "zdeP^Jf",
      "idfv": "zdeP^Jf",
      "insert_id": "zdeP^Jf-2",
      "ip": "zdeP^Jf",
      "language": "zdeP^Jf",
      "library": "segment",
      "location_lat": -58283731042959.36,
      "location_lng": -58283731042959.36,
      "os_name": "zdeP^Jf",
      "os_version": "zdeP^Jf",
      "platform": "zdeP^Jf",
      "price": -58283731042959.36,
      "productId": "zdeP^Jf",
      "quantity": -5828373104295936,
      "region": "zdeP^Jf",
      "revenue": -58283731042959.36,
      "revenueType": "zdeP^Jf",
      "session_id": 1612137600000,
      "time": 1612137600000,
      "use_batch_endpoint": true,
      "user_id": "zdeP^Jf",
      "user_properties": Object {
        "$set": Object {
          "referrer": "zdeP^Jf",
          "utm_campaign": "zdeP^Jf",
          "utm_content": "zdeP^Jf",
          "utm_medium": "zdeP^Jf",
          "utm_source": "zdeP^Jf",
          "utm_term": "zdeP^Jf",
        },
        "$setOnce": Object {
          "initial_referrer": "zdeP^Jf",
          "initial_utm_campaign": "zdeP^Jf",
          "initial_utm_content": "zdeP^Jf",
          "initial_utm_medium": "zdeP^Jf",
          "initial_utm_source": "zdeP^Jf",
          "initial_utm_term": "zdeP^Jf",
        },
        "testType": "zdeP^Jf",
      },
    },
  ],
}
`;

exports[`Testing snapshot for Amplitude's orderCompleted destination action: required fields 1`] = `
Object {
  "api_key": "zdeP^Jf",
  "events": Array [
    Object {
      "adid": "zdeP^Jf",
      "android_id": "zdeP^Jf",
      "device_id": "zdeP^Jf",
      "event_id": -5828373104295936,
      "event_type": "zdeP^Jf",
      "idfa": "zdeP^Jf",
      "idfv": "zdeP^Jf",
      "insert_id": "zdeP^Jf",
      "library": "segment",
      "session_id": 1612137600000,
      "user_id": "zdeP^Jf",
    },
  ],
}
`;
